[0m16:06:37.443582 [debug] [MainThread]: Sending event: {'category': 'dbt', 'action': 'invocation', 'label': 'start', 'context': [<snowplow_tracker.self_describing_json.SelfDescribingJson object at 0x0000015DE9ACEA50>, <snowplow_tracker.self_describing_json.SelfDescribingJson object at 0x0000015DE83FBB10>, <snowplow_tracker.self_describing_json.SelfDescribingJson object at 0x0000015DED42B890>]}


============================== 16:06:37.602525 | 7a18d1e9-ed24-404d-8f6a-c227eed36b66 ==============================
[0m16:06:37.602525 [info ] [MainThread]: Running with dbt=1.12.5
[0m16:06:37.603948 [debug] [MainThread]: running dbt with arguments {'maximum_seed_size_mib': '1', 'no_print': 'None', 'version_check': 'True', 'target_path': 'None', 'static_parser': 'True', 'warn_error_options': 'WarnErrorOptionsV2(error=[], warn=[], silence=[])', 'printer_width': '80', 'write_json': 'True', 'introspect': 'True', 'log_cache_events': 'False', 'empty': 'None', 'cache_selected_only': 'False', 'fail_fast': 'False', 'debug': 'False', 'log_format': 'default', 'profiles_dir': 'C:\\Users\\DELL\\.dbt', 'send_anonymous_usage_stats': 'True', 'quiet': 'False', 'warn_error': 'None', 'partial_parse': 'True', 'indirect_selection': 'eager', 'hints_enabled': 'True', 'use_colors': 'True', 'use_experimental_parser': 'False', 'invocation_command': 'dbt init', 'log_path': 'logs'}
[0m16:09:14.092040 [debug] [MainThread]: Starter project path: D:\Github\cosmos_pipeline\.venv\Lib\site-packages\dbt\include\starter_project
[0m16:09:14.138402 [info ] [MainThread]: Setting up your profile.
[0m16:09:29.231066 [debug] [MainThread]: Snowflake adapter: Setting snowflake.connector to ERROR (file logging only)
[0m16:09:29.232247 [debug] [MainThread]: Snowflake adapter: Setting botocore to ERROR (file logging only)
[0m16:09:29.232634 [debug] [MainThread]: Snowflake adapter: Setting boto3 to ERROR (file logging only)
[0m16:16:25.116771 [info ] [MainThread]: Profile aws_snowflake_dbt written to C:\Users\DELL\.dbt\profiles.yml using target's profile_template.yml and your supplied values.
[0m16:16:25.221436 [info ] [MainThread]: Running dbt debug to validate the project...
[0m16:16:25.222939 [info ] [MainThread]: dbt version: 1.12.5
[0m16:16:25.223830 [info ] [MainThread]: python version: 3.14.6
[0m16:16:25.224677 [info ] [MainThread]: python path: D:\Github\cosmos_pipeline\.venv\Scripts\python.exe
[0m16:16:25.225593 [info ] [MainThread]: os info: Windows-11-10.0.26300-SP0
[0m16:16:25.353952 [info ] [MainThread]: Using profiles dir at C:\Users\DELL\.dbt
[0m16:16:25.354636 [info ] [MainThread]: Using profiles.yml file at C:\Users\DELL\.dbt\profiles.yml
[0m16:16:25.355219 [info ] [MainThread]: Using dbt_project.yml file at D:\Github\cosmos_pipeline\aws_snowflake_dbt\dbt_project.yml
[0m16:16:25.379787 [info ] [MainThread]: adapter type: snowflake
[0m16:16:25.380767 [info ] [MainThread]: adapter version: 1.12.1
[0m16:16:25.521757 [info ] [MainThread]: Configuration:
[0m16:16:25.522565 [info ] [MainThread]:   profiles.yml file [[32mOK found and valid[0m]
[0m16:16:25.523335 [info ] [MainThread]:   dbt_project.yml file [[32mOK found and valid[0m]
[0m16:16:25.523945 [info ] [MainThread]: Required dependencies:
[0m16:16:25.524791 [debug] [MainThread]: Executing "git --help"
[0m16:16:25.597618 [debug] [MainThread]: STDOUT: "b"usage: git [-v | --version] [-h | --help] [-C <path>] [-c <name>=<value>]\n           [--exec-path[=<path>]] [--html-path] [--man-path] [--info-path]\n           [-p | --paginate | -P | --no-pager] [--no-replace-objects] [--no-lazy-fetch]\n           [--no-optional-locks] [--no-advice] [--bare] [--git-dir=<path>]\n           [--work-tree=<path>] [--namespace=<name>] [--config-env=<name>=<envvar>]\n           <command> [<args>]\n\nThese are common Git commands used in various situations:\n\nstart a working area (see also: git help tutorial)\n   clone      Clone a repository into a new directory\n   init       Create an empty Git repository or reinitialize an existing one\n\nwork on the current change (see also: git help everyday)\n   add        Add file contents to the index\n   mv         Move or rename a file, a directory, or a symlink\n   restore    Restore working tree files\n   rm         Remove files from the working tree and from the index\n\nexamine the history and state (see also: git help revisions)\n   bisect     Use binary search to find the commit that introduced a bug\n   diff       Show changes between commits, commit and working tree, etc\n   grep       Print lines matching a pattern\n   log        Show commit logs\n   show       Show various types of objects\n   status     Show the working tree status\n\ngrow, mark and tweak your common history\n   backfill   Download missing objects in a partial clone\n   branch     List, create, or delete branches\n   commit     Record changes to the repository\n   history    EXPERIMENTAL: Rewrite history\n   merge      Join two or more development histories together\n   rebase     Reapply commits on top of another base tip\n   reset      Set `HEAD` or the index to a known state\n   switch     Switch branches\n   tag        Create, list, delete or verify tags\n\ncollaborate (see also: git help workflows)\n   fetch      Download objects and refs from another repository\n   pull       Fetch from and integrate with another repository or a local branch\n   push       Update remote refs along with associated objects\n\n'git help -a' and 'git help -g' list available subcommands and some\nconcept guides. See 'git help <command>' or 'git help <concept>'\nto read about a specific subcommand or concept.\nSee 'git help git' for an overview of the system.\n""
[0m16:16:25.598356 [debug] [MainThread]: STDERR: "b''"
[0m16:16:25.598831 [info ] [MainThread]:  - git [[32mOK found[0m]

[0m16:16:25.599334 [info ] [MainThread]: Connection:
[0m16:16:25.599865 [info ] [MainThread]:   account: KYEKZXL-KC45257
[0m16:16:25.600491 [info ] [MainThread]:   user: TEJAS5001
[0m16:16:25.601041 [info ] [MainThread]:   database: COSMOS_PIPELINE
[0m16:16:25.601633 [info ] [MainThread]:   warehouse: COMPUTE_WH
[0m16:16:25.602129 [info ] [MainThread]:   role: ACCOUNTADMIN
[0m16:16:25.602581 [info ] [MainThread]:   schema: dbt_schema
[0m16:16:25.603042 [info ] [MainThread]:   authenticator: None
[0m16:16:25.603526 [info ] [MainThread]:   oauth_client_id: None
[0m16:16:25.603990 [info ] [MainThread]:   query_tag: None
[0m16:16:25.604474 [info ] [MainThread]:   client_session_keep_alive: False
[0m16:16:25.605230 [info ] [MainThread]:   host: None
[0m16:16:25.605945 [info ] [MainThread]:   port: None
[0m16:16:25.607498 [info ] [MainThread]:   proxy_host: None
[0m16:16:25.608742 [info ] [MainThread]:   proxy_port: None
[0m16:16:25.609858 [info ] [MainThread]:   protocol: None
[0m16:16:25.610780 [info ] [MainThread]:   connect_retries: 1
[0m16:16:25.612132 [info ] [MainThread]:   connect_timeout: None
[0m16:16:25.612915 [info ] [MainThread]:   retry_on_database_errors: False
[0m16:16:25.613708 [info ] [MainThread]:   retry_all: False
[0m16:16:25.614315 [info ] [MainThread]:   insecure_mode: False
[0m16:16:25.614889 [info ] [MainThread]:   reuse_connections: True
[0m16:16:25.615548 [info ] [MainThread]:   s3_stage_vpce_dns_name: None
[0m16:16:25.617669 [info ] [MainThread]:   workload_identity_provider: None
[0m16:16:25.619558 [info ] [MainThread]:   workload_identity_entra_resource: None
[0m16:16:25.620908 [info ] [MainThread]:   platform_detection_timeout_seconds: 0.0
[0m16:16:25.622545 [info ] [MainThread]: Registered adapter: snowflake=1.12.1
[0m16:16:25.919454 [debug] [MainThread]: Acquiring new snowflake connection 'debug'
[0m16:16:25.962829 [debug] [MainThread]: Using snowflake connection "debug"
[0m16:16:25.963261 [debug] [MainThread]: On debug: select 1 as id
[0m16:16:25.963574 [debug] [MainThread]: Opening a new connection, currently in state init
[0m16:16:27.083669 [debug] [MainThread]: SQL status: SUCCESS 1 in 1.120 seconds
[0m16:16:27.086219 [info ] [MainThread]:   Connection test: [[32mOK connection ok[0m]

[0m16:16:27.087749 [info ] [MainThread]: [32mAll checks passed![0m
[0m16:16:27.089075 [info ] [MainThread]: Your new dbt project "aws_snowflake_dbt" was created!
Initialized new project in D:\Github\cosmos_pipeline\aws_snowflake_dbt\aws_snowflake_dbt

For more information on how to configure the profiles.yml file,
please consult the dbt documentation here:

  https://docs.getdbt.com/docs/configure-your-profile

One more thing:

Need help? Don't hesitate to reach out to us via GitHub issues or on Slack:

  https://community.getdbt.com/

Happy modeling!

[0m16:16:27.091880 [debug] [MainThread]: Command `dbt init` succeeded at 16:16:27.091586 after 590.05 seconds
[0m16:16:27.092674 [debug] [MainThread]: Connection 'debug' was left open.
[0m16:16:27.093391 [debug] [MainThread]: On debug: Close
[0m16:16:27.300852 [debug] [MainThread]: Sending event: {'category': 'dbt', 'action': 'invocation', 'label': 'end', 'context': [<snowplow_tracker.self_describing_json.SelfDescribingJson object at 0x0000015DEDD51CD0>, <snowplow_tracker.self_describing_json.SelfDescribingJson object at 0x0000015DEF3FDA30>, <snowplow_tracker.self_describing_json.SelfDescribingJson object at 0x0000015DEF36F680>]}
[0m16:16:27.302048 [debug] [MainThread]: Flushing usage events
[0m16:16:29.047755 [debug] [MainThread]: An error was encountered while trying to flush usage events
[0m17:13:35.702205 [debug] [MainThread]: Sending event: {'category': 'dbt', 'action': 'invocation', 'label': 'start', 'context': [<snowplow_tracker.self_describing_json.SelfDescribingJson object at 0x00000220153F5FD0>, <snowplow_tracker.self_describing_json.SelfDescribingJson object at 0x0000022012F71310>, <snowplow_tracker.self_describing_json.SelfDescribingJson object at 0x0000022017DB7890>]}


============================== 17:13:35.707381 | 6d07b471-466f-4cf7-be44-a6f6e669e352 ==============================
[0m17:13:35.707381 [info ] [MainThread]: Running with dbt=1.12.5
[0m17:13:35.708057 [debug] [MainThread]: running dbt with arguments {'static_parser': 'True', 'no_print': 'None', 'version_check': 'True', 'target_path': 'None', 'warn_error_options': 'WarnErrorOptionsV2(error=[], warn=[], silence=[])', 'maximum_seed_size_mib': '1', 'printer_width': '80', 'write_json': 'True', 'introspect': 'True', 'log_cache_events': 'False', 'empty': 'False', 'cache_selected_only': 'False', 'fail_fast': 'False', 'debug': 'False', 'log_format': 'default', 'profiles_dir': 'C:\\Users\\DELL\\.dbt', 'send_anonymous_usage_stats': 'True', 'quiet': 'False', 'warn_error': 'None', 'partial_parse': 'True', 'use_colors': 'True', 'hints_enabled': 'True', 'invocation_command': 'dbt run', 'use_experimental_parser': 'False', 'indirect_selection': 'eager', 'log_path': 'logs'}
[0m17:13:35.708714 [error] [MainThread]: [[31mERROR[0m]: Encountered an error:
Runtime Error
  No dbt_project.yml found at expected path D:\Github\cosmos_pipeline\dbt_project.yml
  Verify that each entry within packages.yml (and their transitive dependencies) contains a file named dbt_project.yml
  
[0m17:13:35.709745 [debug] [MainThread]: Command `dbt run` failed at 17:13:35.709621 after 0.35 seconds
[0m17:13:35.710089 [debug] [MainThread]: Sending event: {'category': 'dbt', 'action': 'invocation', 'label': 'end', 'context': [<snowplow_tracker.self_describing_json.SelfDescribingJson object at 0x0000022017D388A0>, <snowplow_tracker.self_describing_json.SelfDescribingJson object at 0x0000022017E3C4D0>, <snowplow_tracker.self_describing_json.SelfDescribingJson object at 0x0000022017DF56A0>]}
[0m17:13:35.710437 [debug] [MainThread]: Flushing usage events
[0m17:13:37.421128 [debug] [MainThread]: An error was encountered while trying to flush usage events
